<?xml version="1.0" encoding="UTF-8"?>
<TestRun id="82c76ad0-08a8-4d35-9e0b-9e4033d04363" name="rmu@WUM144031 2008-08-05 16:55:41" runUser="MMSDOM\rmu" xmlns="http://microsoft.com/schemas/VisualStudio/TeamTest/2006">
  <TestRunConfiguration name="Local Test Run" id="75c4f12d-3acd-47f7-a6c8-51e0a6cb1d26">
    <Description>This is a default test run configuration for a local test run.</Description>
    <Deployment runDeploymentRoot="C:\Users\rmu\Documents\Visual Studio 2008\Projects\Blogposts\RhinoMocks\TestResults\rmu_WUM144031 2008-08-05 16_55_41">
      <DeploymentItem filename="C:\Users\rmu\Documents\Visual Studio 2008\Projects\Blogposts\RhinoMocks\RhinoMocks.Data\bin\Debug\RhinoMocks.Data.dll" />
      <DeploymentItem filename="C:\Users\rmu\Desktop\Rhino.Mocks.dll" />
      <DeploymentItem filename="C:\Users\rmu\Documents\Visual Studio 2008\Projects\Blogposts\RhinoMocks\RhinoMocks.Services\bin\Debug\RhinoMocks.Services.dll" />
    </Deployment>
    <TestTypeSpecific />
  </TestRunConfiguration>
  <ResultSummary outcome="Completed">
    <Counters total="1" executed="1" passed="1" error="0" failed="0" timeout="0" aborted="0" inconclusive="0" passedButRunAborted="0" notRunnable="0" notExecuted="0" disconnected="0" warning="0" completed="0" inProgress="0" pending="0" />
  </ResultSummary>
  <Times creation="2008-08-05T16:55:41.1340000+02:00" queuing="2008-08-05T16:55:41.4660000+02:00" start="2008-08-05T16:55:41.5000000+02:00" finish="2008-08-05T16:55:41.9840000+02:00" />
  <TestDefinitions>
    <UnitTest name="PersonService_GetPersonByAge_Works" storage="c:\users\rmu\documents\visual studio 2008\projects\blogposts\rhinomocks\rhinomocks.tests\bin\debug\rhinomocks.tests.dll" id="58f407db-bf53-6d4d-2117-4192b28ac444">
      <Css projectStructure="" iteration="" />
      <Owners>
        <Owner name="" />
      </Owners>
      <Execution id="4e08460b-ab9b-4c00-8bd1-7e066f3baf0f" />
      <TestMethod codeBase="C:\Users\rmu\Documents\Visual Studio 2008\Projects\Blogposts\RhinoMocks\RhinoMocks.Tests\bin\Debug\RhinoMocks.Tests.dll" adapterTypeName="Microsoft.VisualStudio.TestTools.TestTypes.Unit.UnitTestAdapter, Microsoft.VisualStudio.QualityTools.Tips.UnitTest.Adapter, Version=9.0.0.0, Culture=neutral, PublicKeyToken=b03f5f7f11d50a3a" className="RhinoMocks.Tests.PersonServiceTest, RhinoMocks.Tests" name="PersonService_GetPersonByAge_Works" />
    </UnitTest>
  </TestDefinitions>
  <TestLists>
    <TestList name="Results Not in a List" id="8c84fa94-04c1-424b-9868-57a2d4851a1d" />
    <TestList name="All Loaded Results" id="19431567-8539-422a-85d7-44ee4e166bda" />
  </TestLists>
  <TestEntries>
    <TestEntry testId="58f407db-bf53-6d4d-2117-4192b28ac444" executionId="4e08460b-ab9b-4c00-8bd1-7e066f3baf0f" testListId="8c84fa94-04c1-424b-9868-57a2d4851a1d" />
  </TestEntries>
  <Results>
    <UnitTestResult executionId="4e08460b-ab9b-4c00-8bd1-7e066f3baf0f" testId="58f407db-bf53-6d4d-2117-4192b28ac444" testName="PersonService_GetPersonByAge_Works" computerName="WUM144031" duration="00:00:00.1782799" startTime="2008-08-05T16:55:41.5720000+02:00" endTime="2008-08-05T16:55:41.9100000+02:00" testType="13cdc9d9-ddb5-4fa4-a97d-d965ccfc6d4b" outcome="Passed" testListId="8c84fa94-04c1-424b-9868-57a2d4851a1d">
      <Output>
      </Output>
    </UnitTestResult>
  </Results>
</TestRun>