<?xml version="1.0" encoding="UTF-8"?>
<TestRun id="fcca34e6-4446-4338-82c5-3df734cba3b3" name="rmu@WUM144031 2008-08-12 22:34:00" runUser="MMSDOM\rmu" xmlns="http://microsoft.com/schemas/VisualStudio/TeamTest/2006">
  <TestRunConfiguration name="Local Test Run" id="094adb68-4cc9-4b7c-95ca-ff1afb8085f9">
    <Description>This is a default test run configuration for a local test run.</Description>
    <Deployment runDeploymentRoot="C:\Users\rmu\Documents\Visual Studio 2008\Projects\Blogposts\WhyInterfaces\TestResults\rmu_WUM144031 2008-08-12 22_34_00">
      <DeploymentItem filename="C:\Users\rmu\Documents\Visual Studio 2008\Projects\Blogposts\WhyInterfaces\WhyInterfaces.Data\bin\Debug\WhyInterfaces.Data.dll" />
      <DeploymentItem filename="C:\Users\rmu\Documents\Visual Studio 2008\Projects\Blogposts\WhyInterfaces\WhyInterfaces.Service\bin\Debug\WhyInterfaces.Service.dll" />
    </Deployment>
    <TestTypeSpecific />
  </TestRunConfiguration>
  <ResultSummary outcome="Completed">
    <Counters total="2" executed="2" passed="2" error="0" failed="0" timeout="0" aborted="0" inconclusive="0" passedButRunAborted="0" notRunnable="0" notExecuted="0" disconnected="0" warning="0" completed="0" inProgress="0" pending="0" />
  </ResultSummary>
  <Times creation="2008-08-12T22:34:00.9530000+02:00" queuing="2008-08-12T22:34:01.8430000+02:00" start="2008-08-12T22:34:02.1220000+02:00" finish="2008-08-12T22:34:02.6870000+02:00" />
  <TestDefinitions>
    <UnitTest name="PersonService_ReturnPersons_Work_With_Authentication" storage="c:\users\rmu\documents\visual studio 2008\projects\blogposts\whyinterfaces\whyinterfaces.test\bin\debug\whyinterfaces.test.dll" id="029b6263-c9f8-650c-f663-b7594f120aae">
      <Css projectStructure="" iteration="" />
      <Owners>
        <Owner name="" />
      </Owners>
      <Execution id="62b609b4-2d20-4bd7-850f-a335a3f10ab9" />
      <TestMethod codeBase="C:\Users\rmu\Documents\Visual Studio 2008\Projects\Blogposts\WhyInterfaces\WhyInterfaces.Test\bin\Debug\WhyInterfaces.Test.dll" adapterTypeName="Microsoft.VisualStudio.TestTools.TestTypes.Unit.UnitTestAdapter, Microsoft.VisualStudio.QualityTools.Tips.UnitTest.Adapter, Version=9.0.0.0, Culture=neutral, PublicKeyToken=b03f5f7f11d50a3a" className="WhyInterfaces.Test.PersonServiceUnitTest, WhyInterfaces.Test" name="PersonService_ReturnPersons_Work_With_Authentication" />
    </UnitTest>
    <UnitTest name="PersonService_Should_Return_Null_Without_Authentication" storage="c:\users\rmu\documents\visual studio 2008\projects\blogposts\whyinterfaces\whyinterfaces.test\bin\debug\whyinterfaces.test.dll" id="6d6c076b-89eb-c766-95ce-cd3236bf7c20">
      <Css projectStructure="" iteration="" />
      <Owners>
        <Owner name="" />
      </Owners>
      <Execution id="0bb299ba-e312-4c03-887c-d13aedbf3e29" />
      <TestMethod codeBase="C:\Users\rmu\Documents\Visual Studio 2008\Projects\Blogposts\WhyInterfaces\WhyInterfaces.Test\bin\Debug\WhyInterfaces.Test.dll" adapterTypeName="Microsoft.VisualStudio.TestTools.TestTypes.Unit.UnitTestAdapter, Microsoft.VisualStudio.QualityTools.Tips.UnitTest.Adapter, Version=9.0.0.0, Culture=neutral, PublicKeyToken=b03f5f7f11d50a3a" className="WhyInterfaces.Test.PersonServiceUnitTest, WhyInterfaces.Test" name="PersonService_Should_Return_Null_Without_Authentication" />
    </UnitTest>
  </TestDefinitions>
  <TestLists>
    <TestList name="Results Not in a List" id="8c84fa94-04c1-424b-9868-57a2d4851a1d" />
    <TestList name="All Loaded Results" id="19431567-8539-422a-85d7-44ee4e166bda" />
  </TestLists>
  <TestEntries>
    <TestEntry testId="029b6263-c9f8-650c-f663-b7594f120aae" executionId="62b609b4-2d20-4bd7-850f-a335a3f10ab9" testListId="8c84fa94-04c1-424b-9868-57a2d4851a1d" />
    <TestEntry testId="6d6c076b-89eb-c766-95ce-cd3236bf7c20" executionId="0bb299ba-e312-4c03-887c-d13aedbf3e29" testListId="8c84fa94-04c1-424b-9868-57a2d4851a1d" />
  </TestEntries>
  <Results>
    <UnitTestResult executionId="62b609b4-2d20-4bd7-850f-a335a3f10ab9" testId="029b6263-c9f8-650c-f663-b7594f120aae" testName="PersonService_ReturnPersons_Work_With_Authentication" computerName="WUM144031" duration="00:00:00.0160685" startTime="2008-08-12T22:34:02.2300000+02:00" endTime="2008-08-12T22:34:02.6430000+02:00" testType="13cdc9d9-ddb5-4fa4-a97d-d965ccfc6d4b" outcome="Passed" testListId="8c84fa94-04c1-424b-9868-57a2d4851a1d">
      <Output>
      </Output>
    </UnitTestResult>
    <UnitTestResult executionId="0bb299ba-e312-4c03-887c-d13aedbf3e29" testId="6d6c076b-89eb-c766-95ce-cd3236bf7c20" testName="PersonService_Should_Return_Null_Without_Authentication" computerName="WUM144031" duration="00:00:00.0005236" startTime="2008-08-12T22:34:02.6450000+02:00" endTime="2008-08-12T22:34:02.6490000+02:00" testType="13cdc9d9-ddb5-4fa4-a97d-d965ccfc6d4b" outcome="Passed" testListId="8c84fa94-04c1-424b-9868-57a2d4851a1d">
      <Output>
      </Output>
    </UnitTestResult>
  </Results>
</TestRun>