<?xml version="1.0" encoding="UTF-8"?>
<TestRun id="413090b1-3e9f-4033-87a5-9f834117ff5a" name="rmu@WUM144031 2008-05-22 22:15:43" runUser="MMSDOM\rmu" xmlns="http://microsoft.com/schemas/VisualStudio/TeamTest/2006">
  <TestRunConfiguration name="Local Test Run" id="07da1f20-161b-480e-bf60-702c8fb33c14">
    <Description>This is a default test run configuration for a local test run.</Description>
    <Deployment runDeploymentRoot="C:\Users\rmu\Documents\Visual Studio 2008\Projects\Blogposts\DoNot.Fear.UnitTests\TestResults\rmu_WUM144031 2008-05-22 22_15_43">
      <DeploymentItem filename="C:\Users\rmu\Documents\Visual Studio 2008\Projects\Blogposts\DoNot.Fear.UnitTests\DoNot.Fear.UnitTests.Data\bin\Debug\DoNot.Fear.UnitTests.Data.dll" />
    </Deployment>
    <TestTypeSpecific />
  </TestRunConfiguration>
  <ResultSummary outcome="Completed">
    <Counters total="3" executed="3" passed="3" error="0" failed="0" timeout="0" aborted="0" inconclusive="0" passedButRunAborted="0" notRunnable="0" notExecuted="0" disconnected="0" warning="0" completed="0" inProgress="0" pending="0" />
  </ResultSummary>
  <Times creation="2008-05-22T22:15:43.9186000+02:00" queuing="2008-05-22T22:15:44.5266000+02:00" start="2008-05-22T22:15:44.5966000+02:00" finish="2008-05-22T22:15:44.9446000+02:00" />
  <TestDefinitions>
    <UnitTest name="DataManager_GetData_IsNotNull" storage="c:\users\rmu\documents\visual studio 2008\projects\blogposts\donot.fear.unittests\donot.fear.unittests.test\bin\debug\donot.fear.unittests.test.dll" id="dac2f5b7-3f9b-830e-9ac8-b9395f1a5e71">
      <Css projectStructure="" iteration="" />
      <Owners>
        <Owner name="" />
      </Owners>
      <Execution id="2b15221e-0766-48a6-b8a3-a56fd95989a4" />
      <TestMethod codeBase="C:\Users\rmu\Documents\Visual Studio 2008\Projects\Blogposts\DoNot.Fear.UnitTests\DoNot.Fear.UnitTests.Test\bin\Debug\DoNot.Fear.UnitTests.Test.dll" adapterTypeName="Microsoft.VisualStudio.TestTools.TestTypes.Unit.UnitTestAdapter, Microsoft.VisualStudio.QualityTools.Tips.UnitTest.Adapter, Version=9.0.0.0, Culture=neutral, PublicKeyToken=b03f5f7f11d50a3a" className="DoNot.Fear.UnitTests.Test.DataManagerTest, DoNot.Fear.UnitTests.Test" name="DataManager_GetData_IsNotNull" />
    </UnitTest>
    <UnitTest name="DataManager_GetData_CheckForZero" storage="c:\users\rmu\documents\visual studio 2008\projects\blogposts\donot.fear.unittests\donot.fear.unittests.test\bin\debug\donot.fear.unittests.test.dll" id="21c7a67a-35ce-a1fc-d8ab-7c65d959719e">
      <Css projectStructure="" iteration="" />
      <Owners>
        <Owner name="" />
      </Owners>
      <Execution id="0297b6c4-da5d-4cf2-873e-74a8ccc2cd61" />
      <TestMethod codeBase="C:\Users\rmu\Documents\Visual Studio 2008\Projects\Blogposts\DoNot.Fear.UnitTests\DoNot.Fear.UnitTests.Test\bin\Debug\DoNot.Fear.UnitTests.Test.dll" adapterTypeName="Microsoft.VisualStudio.TestTools.TestTypes.Unit.UnitTestAdapter, Microsoft.VisualStudio.QualityTools.Tips.UnitTest.Adapter, Version=9.0.0.0, Culture=neutral, PublicKeyToken=b03f5f7f11d50a3a" className="DoNot.Fear.UnitTests.Test.DataManagerTest, DoNot.Fear.UnitTests.Test" name="DataManager_GetData_CheckForZero" />
    </UnitTest>
    <UnitTest name="DataManager_ConnectToData_IsTrue" storage="c:\users\rmu\documents\visual studio 2008\projects\blogposts\donot.fear.unittests\donot.fear.unittests.test\bin\debug\donot.fear.unittests.test.dll" id="54ff56bf-b01f-0610-e753-9fd5093d152b">
      <Css projectStructure="" iteration="" />
      <Owners>
        <Owner name="" />
      </Owners>
      <Execution id="6e070a11-cdef-4a9a-aebd-350dfd485134" />
      <TestMethod codeBase="C:\Users\rmu\Documents\Visual Studio 2008\Projects\Blogposts\DoNot.Fear.UnitTests\DoNot.Fear.UnitTests.Test\bin\Debug\DoNot.Fear.UnitTests.Test.dll" adapterTypeName="Microsoft.VisualStudio.TestTools.TestTypes.Unit.UnitTestAdapter, Microsoft.VisualStudio.QualityTools.Tips.UnitTest.Adapter, Version=9.0.0.0, Culture=neutral, PublicKeyToken=b03f5f7f11d50a3a" className="DoNot.Fear.UnitTests.Test.DataManagerTest, DoNot.Fear.UnitTests.Test" name="DataManager_ConnectToData_IsTrue" />
    </UnitTest>
  </TestDefinitions>
  <TestLists>
    <TestList name="Results Not in a List" id="8c84fa94-04c1-424b-9868-57a2d4851a1d" />
    <TestList name="All Loaded Results" id="19431567-8539-422a-85d7-44ee4e166bda" />
  </TestLists>
  <TestEntries>
    <TestEntry testId="21c7a67a-35ce-a1fc-d8ab-7c65d959719e" executionId="0297b6c4-da5d-4cf2-873e-74a8ccc2cd61" testListId="8c84fa94-04c1-424b-9868-57a2d4851a1d" />
    <TestEntry testId="54ff56bf-b01f-0610-e753-9fd5093d152b" executionId="6e070a11-cdef-4a9a-aebd-350dfd485134" testListId="8c84fa94-04c1-424b-9868-57a2d4851a1d" />
    <TestEntry testId="dac2f5b7-3f9b-830e-9ac8-b9395f1a5e71" executionId="2b15221e-0766-48a6-b8a3-a56fd95989a4" testListId="8c84fa94-04c1-424b-9868-57a2d4851a1d" />
  </TestEntries>
  <Results>
    <UnitTestResult executionId="0297b6c4-da5d-4cf2-873e-74a8ccc2cd61" testId="21c7a67a-35ce-a1fc-d8ab-7c65d959719e" testName="DataManager_GetData_CheckForZero" computerName="WUM144031" duration="00:00:00.0595489" startTime="2008-05-22T22:15:44.6466000+02:00" endTime="2008-05-22T22:15:44.8606000+02:00" testType="13cdc9d9-ddb5-4fa4-a97d-d965ccfc6d4b" outcome="Passed" testListId="8c84fa94-04c1-424b-9868-57a2d4851a1d">
      <Output>
      </Output>
    </UnitTestResult>
    <UnitTestResult executionId="6e070a11-cdef-4a9a-aebd-350dfd485134" testId="54ff56bf-b01f-0610-e753-9fd5093d152b" testName="DataManager_ConnectToData_IsTrue" computerName="WUM144031" duration="00:00:00.0002990" startTime="2008-05-22T22:15:44.8816000+02:00" endTime="2008-05-22T22:15:44.8846000+02:00" testType="13cdc9d9-ddb5-4fa4-a97d-d965ccfc6d4b" outcome="Passed" testListId="8c84fa94-04c1-424b-9868-57a2d4851a1d">
      <Output>
      </Output>
    </UnitTestResult>
    <UnitTestResult executionId="2b15221e-0766-48a6-b8a3-a56fd95989a4" testId="dac2f5b7-3f9b-830e-9ac8-b9395f1a5e71" testName="DataManager_GetData_IsNotNull" computerName="WUM144031" duration="00:00:00.0002089" startTime="2008-05-22T22:15:44.8876000+02:00" endTime="2008-05-22T22:15:44.8926000+02:00" testType="13cdc9d9-ddb5-4fa4-a97d-d965ccfc6d4b" outcome="Passed" testListId="8c84fa94-04c1-424b-9868-57a2d4851a1d">
      <Output>
      </Output>
    </UnitTestResult>
  </Results>
</TestRun>