<?xml version="1.0" encoding="UTF-8"?>
<TestRun id="117413af-06db-43b1-bef9-a6fa0d5ff2e6" name="rmu@WUM144031 2008-05-22 21:33:57" runUser="MMSDOM\rmu" xmlns="http://microsoft.com/schemas/VisualStudio/TeamTest/2006">
  <TestRunConfiguration name="Local Test Run" id="07da1f20-161b-480e-bf60-702c8fb33c14">
    <Description>This is a default test run configuration for a local test run.</Description>
    <Deployment runDeploymentRoot="C:\Users\rmu\Documents\Visual Studio 2008\Projects\Blogposts\DoNot.Fear.UnitTests\TestResults\rmu_WUM144031 2008-05-22 21_33_57">
      <DeploymentItem filename="C:\Users\rmu\Documents\Visual Studio 2008\Projects\Blogposts\DoNot.Fear.UnitTests\DoNot.Fear.UnitTests.Data\bin\Debug\DoNot.Fear.UnitTests.Data.dll" />
    </Deployment>
    <TestTypeSpecific />
  </TestRunConfiguration>
  <ResultSummary outcome="Completed">
    <Counters total="1" executed="1" passed="1" error="0" failed="0" timeout="0" aborted="0" inconclusive="0" passedButRunAborted="0" notRunnable="0" notExecuted="0" disconnected="0" warning="0" completed="0" inProgress="0" pending="0" />
  </ResultSummary>
  <Times creation="2008-05-22T21:33:57.7866000+02:00" queuing="2008-05-22T21:33:58.1856000+02:00" start="2008-05-22T21:33:58.2006000+02:00" finish="2008-05-22T21:33:58.4986000+02:00" />
  <TestDefinitions>
    <UnitTest name="DataManager_ConnectToData_IsTrue" storage="c:\users\rmu\documents\visual studio 2008\projects\blogposts\donot.fear.unittests\donot.fear.unittests.test\bin\debug\donot.fear.unittests.test.dll" id="54ff56bf-b01f-0610-e753-9fd5093d152b">
      <Css projectStructure="" iteration="" />
      <Owners>
        <Owner name="" />
      </Owners>
      <Execution id="827764ca-18ca-455a-8efc-af5ffc1faea5" />
      <TestMethod codeBase="C:\Users\rmu\Documents\Visual Studio 2008\Projects\Blogposts\DoNot.Fear.UnitTests\DoNot.Fear.UnitTests.Test\bin\Debug\DoNot.Fear.UnitTests.Test.dll" adapterTypeName="Microsoft.VisualStudio.TestTools.TestTypes.Unit.UnitTestAdapter, Microsoft.VisualStudio.QualityTools.Tips.UnitTest.Adapter, Version=9.0.0.0, Culture=neutral, PublicKeyToken=b03f5f7f11d50a3a" className="DoNot.Fear.UnitTests.Test.DataManagerTest, DoNot.Fear.UnitTests.Test" name="DataManager_ConnectToData_IsTrue" />
    </UnitTest>
  </TestDefinitions>
  <TestLists>
    <TestList name="Results Not in a List" id="8c84fa94-04c1-424b-9868-57a2d4851a1d" />
    <TestList name="All Loaded Results" id="19431567-8539-422a-85d7-44ee4e166bda" />
  </TestLists>
  <TestEntries>
    <TestEntry testId="54ff56bf-b01f-0610-e753-9fd5093d152b" executionId="827764ca-18ca-455a-8efc-af5ffc1faea5" testListId="8c84fa94-04c1-424b-9868-57a2d4851a1d" />
  </TestEntries>
  <Results>
    <UnitTestResult executionId="827764ca-18ca-455a-8efc-af5ffc1faea5" testId="54ff56bf-b01f-0610-e753-9fd5093d152b" testName="DataManager_ConnectToData_IsTrue" computerName="WUM144031" duration="00:00:00.0072848" startTime="2008-05-22T21:33:58.2626000+02:00" endTime="2008-05-22T21:33:58.4466000+02:00" testType="13cdc9d9-ddb5-4fa4-a97d-d965ccfc6d4b" outcome="Passed" testListId="8c84fa94-04c1-424b-9868-57a2d4851a1d">
      <Output>
      </Output>
    </UnitTestResult>
  </Results>
</TestRun>