<?xml version="1.0" encoding="UTF-8"?>
<TestRun id="e5e207c6-efab-4fcd-99b5-620ce029b1d1" name="rmu@WUM144031 2008-05-22 21:36:55" runUser="MMSDOM\rmu" xmlns="http://microsoft.com/schemas/VisualStudio/TeamTest/2006">
  <TestRunConfiguration name="Local Test Run" id="07da1f20-161b-480e-bf60-702c8fb33c14">
    <Description>This is a default test run configuration for a local test run.</Description>
    <Deployment runDeploymentRoot="C:\Users\rmu\Documents\Visual Studio 2008\Projects\Blogposts\DoNot.Fear.UnitTests\TestResults\rmu_WUM144031 2008-05-22 21_36_55">
      <DeploymentItem filename="C:\Users\rmu\Documents\Visual Studio 2008\Projects\Blogposts\DoNot.Fear.UnitTests\DoNot.Fear.UnitTests.Data\bin\Debug\DoNot.Fear.UnitTests.Data.dll" />
    </Deployment>
    <TestTypeSpecific />
  </TestRunConfiguration>
  <ResultSummary outcome="Completed">
    <Counters total="1" executed="1" passed="1" error="0" failed="0" timeout="0" aborted="0" inconclusive="0" passedButRunAborted="0" notRunnable="0" notExecuted="0" disconnected="0" warning="0" completed="0" inProgress="0" pending="0" />
  </ResultSummary>
  <Times creation="2008-05-22T21:36:55.4196000+02:00" queuing="2008-05-22T21:36:55.7936000+02:00" start="2008-05-22T21:36:55.8156000+02:00" finish="2008-05-22T21:36:55.9956000+02:00" />
  <TestDefinitions>
    <UnitTest name="DataManager_GetData_IsNotNull" storage="c:\users\rmu\documents\visual studio 2008\projects\blogposts\donot.fear.unittests\donot.fear.unittests.test\bin\debug\donot.fear.unittests.test.dll" id="dac2f5b7-3f9b-830e-9ac8-b9395f1a5e71">
      <Css projectStructure="" iteration="" />
      <Owners>
        <Owner name="" />
      </Owners>
      <Execution id="90a15c99-632a-4f1d-ae66-bb4da8c60461" />
      <TestMethod codeBase="C:\Users\rmu\Documents\Visual Studio 2008\Projects\Blogposts\DoNot.Fear.UnitTests\DoNot.Fear.UnitTests.Test\bin\Debug\DoNot.Fear.UnitTests.Test.dll" adapterTypeName="Microsoft.VisualStudio.TestTools.TestTypes.Unit.UnitTestAdapter, Microsoft.VisualStudio.QualityTools.Tips.UnitTest.Adapter, Version=9.0.0.0, Culture=neutral, PublicKeyToken=b03f5f7f11d50a3a" className="DoNot.Fear.UnitTests.Test.DataManagerTest, DoNot.Fear.UnitTests.Test" name="DataManager_GetData_IsNotNull" />
    </UnitTest>
  </TestDefinitions>
  <TestLists>
    <TestList name="Results Not in a List" id="8c84fa94-04c1-424b-9868-57a2d4851a1d" />
    <TestList name="All Loaded Results" id="19431567-8539-422a-85d7-44ee4e166bda" />
  </TestLists>
  <TestEntries>
    <TestEntry testId="dac2f5b7-3f9b-830e-9ac8-b9395f1a5e71" executionId="90a15c99-632a-4f1d-ae66-bb4da8c60461" testListId="8c84fa94-04c1-424b-9868-57a2d4851a1d" />
  </TestEntries>
  <Results>
    <UnitTestResult executionId="90a15c99-632a-4f1d-ae66-bb4da8c60461" testId="dac2f5b7-3f9b-830e-9ac8-b9395f1a5e71" testName="DataManager_GetData_IsNotNull" computerName="WUM144031" duration="00:00:00.0065068" startTime="2008-05-22T21:36:55.8266000+02:00" endTime="2008-05-22T21:36:55.9876000+02:00" testType="13cdc9d9-ddb5-4fa4-a97d-d965ccfc6d4b" outcome="Passed" testListId="8c84fa94-04c1-424b-9868-57a2d4851a1d">
      <Output>
      </Output>
    </UnitTestResult>
  </Results>
</TestRun>