<?xml version="1.0" encoding="UTF-8"?>
<TestRun id="c5314b37-d2ee-4be3-97f9-8f4da2a29233" name="rmu@WUM144031 2009-04-13 21:19:17" runUser="MMSDOM\rmu" xmlns="http://microsoft.com/schemas/VisualStudio/TeamTest/2006">
  <TestRunConfiguration name="Local Test Run" id="8b0a1fd5-19fb-43f8-a84a-36a263ae441a">
    <Description>This is a default test run configuration for a local test run.</Description>
    <Deployment runDeploymentRoot="C:\Users\rmu\Documents\Visual Studio 2008\Projects\Blogposts\AsyncIntro\TestResults\rmu_WUM144031 2009-04-13 21_19_17">
      <DeploymentItem filename="C:\Users\rmu\Documents\Visual Studio 2008\Projects\Blogposts\AsyncIntro\AsyncIntro\bin\Debug\AsyncIntro.exe" />
    </Deployment>
    <TestTypeSpecific />
  </TestRunConfiguration>
  <ResultSummary outcome="Failed">
    <Counters total="1" executed="1" error="0" failed="1" timeout="0" aborted="0" inconclusive="0" passedButRunAborted="0" notRunnable="0" notExecuted="0" disconnected="0" warning="0" passed="0" completed="0" inProgress="0" pending="0" />
  </ResultSummary>
  <Times creation="2009-04-13T21:19:17.1417428+02:00" queuing="2009-04-13T21:19:27.0657428+02:00" start="2009-04-13T21:19:28.0637428+02:00" finish="2009-04-13T21:19:31.3057428+02:00" />
  <TestDefinitions>
    <UnitTest name="GetCustomersAsync_Raised_GetCustomersAsyncCompleted_Event" storage="c:\users\rmu\documents\visual studio 2008\projects\blogposts\asyncintro\asyncintrotests\bin\debug\asyncintrotests.dll" id="f54364e9-2b74-1c78-6070-df0309b86522">
      <Css projectStructure="" iteration="" />
      <Owners>
        <Owner name="" />
      </Owners>
      <Execution id="7d5856c0-8653-42bc-8f38-732327f3ef69" />
      <TestMethod codeBase="C:\Users\rmu\Documents\Visual Studio 2008\Projects\Blogposts\AsyncIntro\AsyncIntroTests\bin\Debug\AsyncIntroTests.dll" adapterTypeName="Microsoft.VisualStudio.TestTools.TestTypes.Unit.UnitTestAdapter, Microsoft.VisualStudio.QualityTools.Tips.UnitTest.Adapter, Version=9.0.0.0, Culture=neutral, PublicKeyToken=b03f5f7f11d50a3a" className="AsyncIntroTests.CustomerRepositoryTests, AsyncIntroTests" name="GetCustomersAsync_Raised_GetCustomersAsyncCompleted_Event" />
    </UnitTest>
  </TestDefinitions>
  <TestLists>
    <TestList name="Results Not in a List" id="8c84fa94-04c1-424b-9868-57a2d4851a1d" />
    <TestList name="All Loaded Results" id="19431567-8539-422a-85d7-44ee4e166bda" />
  </TestLists>
  <TestEntries>
    <TestEntry testId="f54364e9-2b74-1c78-6070-df0309b86522" executionId="7d5856c0-8653-42bc-8f38-732327f3ef69" testListId="8c84fa94-04c1-424b-9868-57a2d4851a1d" />
  </TestEntries>
  <Results>
    <UnitTestResult executionId="7d5856c0-8653-42bc-8f38-732327f3ef69" testId="f54364e9-2b74-1c78-6070-df0309b86522" testName="GetCustomersAsync_Raised_GetCustomersAsyncCompleted_Event" computerName="WUM144031" duration="00:00:00.5247230" startTime="2009-04-13T21:19:28.3087428+02:00" endTime="2009-04-13T21:19:30.9137428+02:00" testType="13cdc9d9-ddb5-4fa4-a97d-d965ccfc6d4b" outcome="Failed" testListId="8c84fa94-04c1-424b-9868-57a2d4851a1d">
      <Output>
        <ErrorInfo>
          <Message>Assert.IsTrue failed. </Message>
          <StackTrace>   bei AsyncIntroTests.CustomerRepositoryTests.GetCustomersAsync_Raised_GetCustomersAsyncCompleted_Event() in C:\Users\rmu\Documents\Visual Studio 2008\Projects\Blogposts\AsyncIntro\AsyncIntroTests\CustomerRepositoryTests.cs:Zeile 30.
</StackTrace>
        </ErrorInfo>
      </Output>
    </UnitTestResult>
  </Results>
</TestRun>