<?xml version="1.0" encoding="UTF-8"?>
<TestRun id="aab07355-7388-4de6-960e-53c1c2668cdb" name="rmu@WUM144031 2008-06-23 19:48:29" runUser="MMSDOM\rmu" xmlns="http://microsoft.com/schemas/VisualStudio/TeamTest/2006">
  <TestRunConfiguration name="Local Test Run" id="0b73bf9f-50b7-4440-b355-e176a0e58cfe">
    <Description>This is a default test run configuration for a local test run.</Description>
    <Deployment runDeploymentRoot="C:\Users\rmu\Documents\Visual Studio 2008\Projects\Blogposts\DllMembership\TestResults\rmu_WUM144031 2008-06-23 19_48_29">
      <DeploymentItem filename="C:\Users\rmu\Documents\Visual Studio 2008\Projects\Blogposts\DllMembership\DllMembership.Lib\bin\Debug\DllMembership.Lib.dll" />
    </Deployment>
    <TestTypeSpecific />
  </TestRunConfiguration>
  <ResultSummary outcome="Failed">
    <Counters total="1" executed="1" error="0" failed="1" timeout="0" aborted="0" inconclusive="0" passedButRunAborted="0" notRunnable="0" notExecuted="0" disconnected="0" warning="0" passed="0" completed="0" inProgress="0" pending="0" />
  </ResultSummary>
  <Times creation="2008-06-23T19:48:29.4146000+02:00" queuing="2008-06-23T19:48:31.5876000+02:00" start="2008-06-23T19:48:31.9146000+02:00" finish="2008-06-23T19:48:58.1316000+02:00" />
  <TestDefinitions>
    <UnitTest name="MembershipService_Users_Can_Login" storage="c:\users\rmu\documents\visual studio 2008\projects\blogposts\dllmembership\dllmembership.test\bin\debug\dllmembership.test.dll" id="73bac417-f46c-90b9-20ae-581ea90b2e73">
      <Css projectStructure="" iteration="" />
      <Owners>
        <Owner name="" />
      </Owners>
      <Execution id="de29c154-6b63-4fc0-b672-8a4cad61213b" />
      <TestMethod codeBase="C:\Users\rmu\Documents\Visual Studio 2008\Projects\Blogposts\DllMembership\DllMembership.Test\bin\Debug\DllMembership.Test.dll" adapterTypeName="Microsoft.VisualStudio.TestTools.TestTypes.Unit.UnitTestAdapter, Microsoft.VisualStudio.QualityTools.Tips.UnitTest.Adapter, Version=9.0.0.0, Culture=neutral, PublicKeyToken=b03f5f7f11d50a3a" className="DllMembership.Test.MembershipServiceTest, DllMembership.Test" name="MembershipService_Users_Can_Login" />
    </UnitTest>
  </TestDefinitions>
  <TestLists>
    <TestList name="Results Not in a List" id="8c84fa94-04c1-424b-9868-57a2d4851a1d" />
    <TestList name="All Loaded Results" id="19431567-8539-422a-85d7-44ee4e166bda" />
  </TestLists>
  <TestEntries>
    <TestEntry testId="73bac417-f46c-90b9-20ae-581ea90b2e73" executionId="de29c154-6b63-4fc0-b672-8a4cad61213b" testListId="8c84fa94-04c1-424b-9868-57a2d4851a1d" />
  </TestEntries>
  <Results>
    <UnitTestResult executionId="de29c154-6b63-4fc0-b672-8a4cad61213b" testId="73bac417-f46c-90b9-20ae-581ea90b2e73" testName="MembershipService_Users_Can_Login" computerName="WUM144031" duration="00:00:25.4043845" startTime="2008-06-23T19:48:32.0736000+02:00" endTime="2008-06-23T19:48:57.9716000+02:00" testType="13cdc9d9-ddb5-4fa4-a97d-d965ccfc6d4b" outcome="Failed" testListId="8c84fa94-04c1-424b-9868-57a2d4851a1d">
      <Output>
        <ErrorInfo>
          <Message>Test method DllMembership.Test.MembershipServiceTest.MembershipService_Users_Can_Login threw exception:  System.NullReferenceException: Der Objektverweis wurde nicht auf eine Objektinstanz festgelegt..</Message>
          <StackTrace>    bei System.Web.Security.FormsAuthentication.GetReturnUrl(Boolean useDefaultIfAbsent)
   bei System.Web.Security.FormsAuthentication.RedirectFromLoginPage(String userName, Boolean createPersistentCookie, String strCookiePath)
   bei System.Web.Security.FormsAuthentication.RedirectFromLoginPage(String userName, Boolean createPersistentCookie)
   bei DllMembership.Lib.MembershipService.Login(String username, String password) in C:\Users\rmu\Documents\Visual Studio 2008\Projects\Blogposts\DllMembership\DllMembership.Lib\MembershipService.cs:Zeile 21.
   bei DllMembership.Test.MembershipServiceTest.MembershipService_Users_Can_Login() in C:\Users\rmu\Documents\Visual Studio 2008\Projects\Blogposts\DllMembership\DllMembership.Test\MembershipServiceTest.cs:Zeile 35.
</StackTrace>
        </ErrorInfo>
      </Output>
    </UnitTestResult>
  </Results>
</TestRun>